[Parameter]
0=boost_and_two_level__1_sm_controller/SM_Controller/Circuit_Input/Three-phase Sine Wave|Phase|Inv_PWM_Phases|RVector|0|1|3|0.0|-2.0943951023931953|2.0943951023931953|Sin|60:5495|
1=boost_and_two_level__1_sm_controller/SM_Controller/3ph_Sinewave_Angle_Generator/3ph Angle Generator/Adder_Gain|Gain|2*pi*Ts|Scalar|0|1|1|2.0E-5|Gain|60:5470|
10=boost_and_two_level__1_sm_controller/SM_Controller/eHS1/eHSDrivers/addon_drivers_1/DataIn Driver/driver/DataIn Send/DataIn Send|P1| |RVector|0|1|6|79.0|112.0|67.0|116.0|114.0|108.0|S-Function sfun_fct_op7160ex1_send|60:5531:174:350:109:28:19|
100=boost_and_two_level__1_sm_controller/SM_Controller/Digital_Out/PWM Out|P15Size| |RVector|0|1|2|1.0|1.0|S-Function sfun_op7160ex1_pwm_out|60:5533|
101=boost_and_two_level__1_sm_controller/SM_Controller/Digital_Out/PWM Out|P15|allowDisablingChannel|Scalar|0|1|1|0.0|S-Function sfun_op7160ex1_pwm_out|60:5533|
102=boost_and_two_level__1_sm_controller/SM_Controller/Circuit_Input/Three-phase Sine Wave|Amplitude|1|Scalar|0|1|1|1.0|Sin|60:5495|
103=boost_and_two_level__1_sm_controller/SM_Controller/Circuit_Input/Three-phase Sine Wave|Bias|0|Scalar|0|1|1|0.0|Sin|60:5495|
104=boost_and_two_level__1_sm_controller/SM_Controller/Circuit_Input/Three-phase Sine Wave|Frequency|1|Scalar|0|1|1|1.0|Sin|60:5495|
105=boost_and_two_level__1_sm_controller/SM_Controller/eHS1/ParameterSetToIndex/Memory|InitialCondition|0|Scalar|0|1|1|0.0|Memory|60:5531:175:16|
106=boost_and_two_level__1_sm_controller/SM_Controller/eHS1/ParameterSetToIndex/ParameterSetToIndexMap|Table|OrderedIndices|RVector|0|1|2|-1.0|0.0|Lookup_n-D|60:5531:175:17|
107=boost_and_two_level__1_sm_controller/SM_Controller/eHS1/ParameterSetToIndex/ParameterSetToIndexMap|BreakpointsForDimension1|OrderedList|RVector|0|1|2|-1.0|0.0|Lookup_n-D|60:5531:175:17|
108=boost_and_two_level__1_sm_controller/SM_Controller/g1|Value|0|Scalar|0|1|1|0.0|Constant|60:5530|
109=boost_and_two_level__1_sm_controller/SM_Controller/eHS1/eHSDrivers/addon_drivers_1/Gate Driver/ehsCpuGates/gates/send8Gates_00/shift|Gain|2._[0:1:7]|RVector|0|1|8|1.0|2.0|4.0|8.0|16.0|32.0|64.0|128.0|Gain|60:5531:174:350:111:82:131:65|
11=boost_and_two_level__1_sm_controller/SM_Controller/eHS1/eHSDrivers/addon_drivers_1/DataIn Driver/driver/DataIn Send/DataIn Send|P2Size| |RVector|0|1|2|1.0|1.0|S-Function sfun_fct_op7160ex1_send|60:5531:174:350:109:28:19|
110=boost_and_two_level__1_sm_controller/SM_Controller/eHS1/eHSDrivers/addon_drivers_1/Gate Driver/ehsCpuGates/gates/send8Gates_00/datain|P1Size| |RVector|0|1|2|1.0|6.0|S-Function sfun_fct_op7160ex1_send|60:5531:174:350:111:82:131:63|
111=boost_and_two_level__1_sm_controller/SM_Controller/eHS1/eHSDrivers/addon_drivers_1/Gate Driver/ehsCpuGates/gates/send8Gates_00/datain|P1| |RVector|0|1|6|79.0|112.0|67.0|116.0|114.0|108.0|S-Function sfun_fct_op7160ex1_send|60:5531:174:350:111:82:131:63|
112=boost_and_two_level__1_sm_controller/SM_Controller/eHS1/eHSDrivers/addon_drivers_1/Gate Driver/ehsCpuGates/gates/send8Gates_00/datain|P2Size| |RVector|0|1|2|1.0|1.0|S-Function sfun_fct_op7160ex1_send|60:5531:174:350:111:82:131:63|
113=boost_and_two_level__1_sm_controller/SM_Controller/eHS1/eHSDrivers/addon_drivers_1/Gate Driver/ehsCpuGates/gates/send8Gates_00/datain|P2|FcnNos|Scalar|0|1|1|2.0|S-Function sfun_fct_op7160ex1_send|60:5531:174:350:111:82:131:63|
114=boost_and_two_level__1_sm_controller/SM_Controller/eHS1/eHSDrivers/addon_drivers_1/Gate Driver/ehsCpuGates/gates/send8Gates_00/datain|P3Size| |RVector|0|1|2|1.0|1.0|S-Function sfun_fct_op7160ex1_send|60:5531:174:350:111:82:131:63|
115=boost_and_two_level__1_sm_controller/SM_Controller/eHS1/eHSDrivers/addon_drivers_1/Gate Driver/ehsCpuGates/gates/send8Gates_00/datain|P3|width|Scalar|0|1|1|1.0|S-Function sfun_fct_op7160ex1_send|60:5531:174:350:111:82:131:63|
116=boost_and_two_level__1_sm_controller/SM_Controller/eHS1/eHSDrivers/addon_drivers_1/Gate Driver/ehsCpuGates/gates/send8Gates_00/datain|P4Size| |RVector|0|1|2|1.0|1.0|S-Function sfun_fct_op7160ex1_send|60:5531:174:350:111:82:131:63|
117=boost_and_two_level__1_sm_controller/SM_Controller/eHS1/eHSDrivers/addon_drivers_1/Gate Driver/ehsCpuGates/gates/send8Gates_00/datain|P4|portType|Scalar|0|1|1|2.0|S-Function sfun_fct_op7160ex1_send|60:5531:174:350:111:82:131:63|
118=boost_and_two_level__1_sm_controller/SM_Controller/eHS1/eHSDrivers/addon_drivers_1/Gate Driver/ehsCpuGates/gates/send8Gates_00/datain|P5Size| |RVector|0|1|2|1.0|1.0|S-Function sfun_fct_op7160ex1_send|60:5531:174:350:111:82:131:63|
119=boost_and_two_level__1_sm_controller/SM_Controller/eHS1/eHSDrivers/addon_drivers_1/Gate Driver/ehsCpuGates/gates/send8Gates_00/datain|P5|checkVersion|Scalar|0|1|1|0.0|S-Function sfun_fct_op7160ex1_send|60:5531:174:350:111:82:131:63|
12=boost_and_two_level__1_sm_controller/SM_Controller/eHS1/eHSDrivers/addon_drivers_1/DataIn Driver/driver/DataIn Send/DataIn Send|P2|FcnNos|Scalar|0|1|1|1.0|S-Function sfun_fct_op7160ex1_send|60:5531:174:350:109:28:19|
120=boost_and_two_level__1_sm_controller/SM_Controller/eHS1/eHSDrivers/addon_drivers_1/Gate Driver/ehsCpuGates/gates/send8Gates_00/datain|P6Size| |RVector|0|1|2|1.0|1.0|S-Function sfun_fct_op7160ex1_send|60:5531:174:350:111:82:131:63|
121=boost_and_two_level__1_sm_controller/SM_Controller/eHS1/eHSDrivers/addon_drivers_1/Gate Driver/ehsCpuGates/gates/send8Gates_00/datain|P6|expectedId|Scalar|0|1|1|0.0|S-Function sfun_fct_op7160ex1_send|60:5531:174:350:111:82:131:63|
122=boost_and_two_level__1_sm_controller/SM_Controller/eHS1/eHSDrivers/addon_drivers_1/Gate Driver/ehsCpuGates/gates/send8Gates_00/datain|P7Size| |RVector|0|1|2|1.0|1.0|S-Function sfun_fct_op7160ex1_send|60:5531:174:350:111:82:131:63|
123=boost_and_two_level__1_sm_controller/SM_Controller/eHS1/eHSDrivers/addon_drivers_1/Gate Driver/ehsCpuGates/gates/send8Gates_00/datain|P7|expectedVersion|Scalar|0|1|1|0.0|S-Function sfun_fct_op7160ex1_send|60:5531:174:350:111:82:131:63|
124=boost_and_two_level__1_sm_controller/SM_Controller/eHS1/eHSDrivers/addon_drivers_1/Gate Driver/ehsCpuGates/gates/send8Gates_00/datain|P8Size| |RVector|0|1|2|1.0|1.0|S-Function sfun_fct_op7160ex1_send|60:5531:174:350:111:82:131:63|
125=boost_and_two_level__1_sm_controller/SM_Controller/eHS1/eHSDrivers/addon_drivers_1/Gate Driver/ehsCpuGates/gates/send8Gates_00/datain|P8|opComp|Scalar|0|1|1|1.0|S-Function sfun_fct_op7160ex1_send|60:5531:174:350:111:82:131:63|
126=boost_and_two_level__1_sm_controller/SM_Controller/eHS1/eHSDrivers/addon_drivers_1/LoadIn Driver/Constant2|Value|0|Scalar|0|1|1|0.0|Constant|60:5531:174:350:104:3|
127=boost_and_two_level__1_sm_controller/SM_Controller/eHS1/eHSDrivers/addon_drivers_1/LoadIn Driver/LoadIn|P1Size| |RVector|0|1|2|1.0|6.0|S-Function sfun_efs_solver_cfg|60:5531:174:350:104:2|
128=boost_and_two_level__1_sm_controller/SM_Controller/eHS1/eHSDrivers/addon_drivers_1/LoadIn Driver/LoadIn|P1| |RVector|0|1|6|79.0|112.0|67.0|116.0|114.0|108.0|S-Function sfun_efs_solver_cfg|60:5531:174:350:104:2|
129=boost_and_two_level__1_sm_controller/SM_Controller/eHS1/eHSDrivers/addon_drivers_1/LoadIn Driver/LoadIn|P2Size| |RVector|0|1|2|1.0|1.0|S-Function sfun_efs_solver_cfg|60:5531:174:350:104:2|
13=boost_and_two_level__1_sm_controller/SM_Controller/eHS1/eHSDrivers/addon_drivers_1/DataIn Driver/driver/DataIn Send/DataIn Send|P3Size| |RVector|0|1|2|1.0|1.0|S-Function sfun_fct_op7160ex1_send|60:5531:174:350:109:28:19|
130=boost_and_two_level__1_sm_controller/SM_Controller/eHS1/eHSDrivers/addon_drivers_1/LoadIn Driver/LoadIn|P2|fpga_port_in|Scalar|0|1|1|1.0|S-Function sfun_efs_solver_cfg|60:5531:174:350:104:2|
131=boost_and_two_level__1_sm_controller/SM_Controller/eHS1/eHSDrivers/addon_drivers_1/LoadIn Driver/LoadIn|P3Size| |RVector|0|1|2|1.0|23.0|S-Function sfun_efs_solver_cfg|60:5531:174:350:104:2|
132=boost_and_two_level__1_sm_controller/SM_Controller/eHS1/eHSDrivers/addon_drivers_1/LoadIn Driver/LoadIn|P3| |RVector|0|1|23|97.0|100.0|100.0|111.0|110.0|95.0|100.0|114.0|105.0|118.0|101.0|114.0|115.0|95.0|49.0|53.0|53.0|51.0|49.0|46.0|109.0|97.0|116.0|S-Function sfun_efs_solver_cfg|60:5531:174:350:104:2|
133=boost_and_two_level__1_sm_controller/SM_Controller/eHS1/eHSDrivers/IndexToParameterSet|Table|0|Scalar|0|1|1|0.0|LookupNDDirect|60:5531:174:344|
134=boost_and_two_level__1_sm_controller/SM_Controller/OpCtrl|P1Size| |RVector|0|1|2|1.0|6.0|S-Function sfun_ctrl_op7160ex1|60:5532|
135=boost_and_two_level__1_sm_controller/SM_Controller/OpCtrl|P1| |RVector|0|1|6|79.0|112.0|67.0|116.0|114.0|108.0|S-Function sfun_ctrl_op7160ex1|60:5532|
136=boost_and_two_level__1_sm_controller/SM_Controller/OpCtrl|P2Size| |RVector|0|1|2|1.0|1.0|S-Function sfun_ctrl_op7160ex1|60:5532|
137=boost_and_two_level__1_sm_controller/SM_Controller/OpCtrl|P2|boardid|Scalar|0|1|1|0.0|S-Function sfun_ctrl_op7160ex1|60:5532|
138=boost_and_two_level__1_sm_controller/SM_Controller/OpCtrl|P3Size| |RVector|0|1|2|1.0|1.0|S-Function sfun_ctrl_op7160ex1|60:5532|
139=boost_and_two_level__1_sm_controller/SM_Controller/OpCtrl|P3|mode|Scalar|0|1|1|1.0|S-Function sfun_ctrl_op7160ex1|60:5532|
14=boost_and_two_level__1_sm_controller/SM_Controller/eHS1/eHSDrivers/addon_drivers_1/DataIn Driver/driver/DataIn Send/DataIn Send|P3|width|Scalar|0|1|1|4.0|S-Function sfun_fct_op7160ex1_send|60:5531:174:350:109:28:19|
140=boost_and_two_level__1_sm_controller/SM_Controller/OpCtrl|P4Size| |RVector|0|1|2|1.0|1.0|S-Function sfun_ctrl_op7160ex1|60:5532|
141=boost_and_two_level__1_sm_controller/SM_Controller/OpCtrl|P4|externalClock|Scalar|0|1|1|0.0|S-Function sfun_ctrl_op7160ex1|60:5532|
142=boost_and_two_level__1_sm_controller/SM_Controller/OpCtrl|P5Size| |RVector|0|1|2|1.0|1.0|S-Function sfun_ctrl_op7160ex1|60:5532|
143=boost_and_two_level__1_sm_controller/SM_Controller/OpCtrl|P5|decimRtsi|Scalar|0|1|1|0.0|S-Function sfun_ctrl_op7160ex1|60:5532|
144=boost_and_two_level__1_sm_controller/SM_Controller/OpCtrl|P6Size| |RVector|0|1|2|1.0|1.0|S-Function sfun_ctrl_op7160ex1|60:5532|
145=boost_and_two_level__1_sm_controller/SM_Controller/OpCtrl|P6|1|Scalar|0|1|1|1.0|S-Function sfun_ctrl_op7160ex1|60:5532|
146=boost_and_two_level__1_sm_controller/SM_Controller/OpCtrl|P7Size| |RVector|0|1|2|1.0|1.0|S-Function sfun_ctrl_op7160ex1|60:5532|
147=boost_and_two_level__1_sm_controller/SM_Controller/OpCtrl|P7|SampleTime|Scalar|0|1|1|0.0|S-Function sfun_ctrl_op7160ex1|60:5532|
148=boost_and_two_level__1_sm_controller/SM_Controller/OpCtrl|P8Size| |RVector|0|1|2|1.0|1.0|S-Function sfun_ctrl_op7160ex1|60:5532|
149=boost_and_two_level__1_sm_controller/SM_Controller/OpCtrl|P8|calibIO|Scalar|0|1|1|0.0|S-Function sfun_ctrl_op7160ex1|60:5532|
15=boost_and_two_level__1_sm_controller/SM_Controller/eHS1/eHSDrivers/addon_drivers_1/DataIn Driver/driver/DataIn Send/DataIn Send|P4Size| |RVector|0|1|2|1.0|1.0|S-Function sfun_fct_op7160ex1_send|60:5531:174:350:109:28:19|
150=boost_and_two_level__1_sm_controller/SM_Controller/OpCtrl|P9Size| |RVector|0|1|2|1.0|1.0|S-Function sfun_ctrl_op7160ex1|60:5532|
151=boost_and_two_level__1_sm_controller/SM_Controller/OpCtrl|P9|numconfig|Scalar|0|1|1|-1.0|S-Function sfun_ctrl_op7160ex1|60:5532|
152=boost_and_two_level__1_sm_controller/SM_Controller/OpCtrl|P10Size| |RVector|0|1|2|1.0|1.0|S-Function sfun_ctrl_op7160ex1|60:5532|
153=boost_and_two_level__1_sm_controller/SM_Controller/OpCtrl|P10|loadinport|Scalar|0|1|1|-1.0|S-Function sfun_ctrl_op7160ex1|60:5532|
154=boost_and_two_level__1_sm_controller/SM_Controller/OpCtrl|P11Size| |RVector|0|1|2|1.0|1.0|S-Function sfun_ctrl_op7160ex1|60:5532|
155=boost_and_two_level__1_sm_controller/SM_Controller/OpCtrl|P11|BoardType|Scalar|0|1|1|5.0|S-Function sfun_ctrl_op7160ex1|60:5532|
156=boost_and_two_level__1_sm_controller/SM_Controller/OpCtrl|P12Size| |RVector|0|1|2|1.0|1.0|S-Function sfun_ctrl_op7160ex1|60:5532|
157=boost_and_two_level__1_sm_controller/SM_Controller/OpCtrl|P12|sync_type|Scalar|0|1|1|1.0|S-Function sfun_ctrl_op7160ex1|60:5532|
158=boost_and_two_level__1_sm_controller/SM_Controller/OpCtrl|P13Size| |RVector|0|1|2|1.0|1.0|S-Function sfun_ctrl_op7160ex1|60:5532|
159=boost_and_two_level__1_sm_controller/SM_Controller/OpCtrl|P13|scope_enable|Scalar|0|1|1|0.0|S-Function sfun_ctrl_op7160ex1|60:5532|
16=boost_and_two_level__1_sm_controller/SM_Controller/eHS1/eHSDrivers/addon_drivers_1/DataIn Driver/driver/DataIn Send/DataIn Send|P4|portType|Scalar|0|1|1|2.0|S-Function sfun_fct_op7160ex1_send|60:5531:174:350:109:28:19|
160=boost_and_two_level__1_sm_controller/SM_Controller/OpCtrl|P14Size| |RVector|0|1|2|1.0|67.0|S-Function sfun_ctrl_op7160ex1|60:5532|
161=boost_and_two_level__1_sm_controller/SM_Controller/OpCtrl|P14| |RVector|0|1|67|86.0|67.0|55.0|48.0|55.0|95.0|50.0|45.0|69.0|88.0|45.0|48.0|48.0|48.0|49.0|45.0|51.0|95.0|54.0|95.0|48.0|95.0|56.0|49.0|56.0|45.0|101.0|72.0|83.0|120.0|49.0|50.0|56.0|95.0|71.0|101.0|110.0|52.0|95.0|77.0|97.0|99.0|104.0|105.0|110.0|101.0|115.0|95.0|73.0|79.0|67.0|111.0|110.0|102.0|105.0|103.0|49.0|45.0|51.0|53.0|45.0|54.0|49.0|46.0|102.0|115.0|100.0|S-Function sfun_ctrl_op7160ex1|60:5532|
162=boost_and_two_level__1_sm_controller/SM_Controller/OpCtrl|P15Size| |RVector|0|1|2|1.0|1.0|S-Function sfun_ctrl_op7160ex1|60:5532|
163=boost_and_two_level__1_sm_controller/SM_Controller/OpCtrl|P15|mismatch_disable|Scalar|0|1|1|0.0|S-Function sfun_ctrl_op7160ex1|60:5532|
164=boost_and_two_level__1_sm_controller/SM_Controller/Acquisition Trigger/Constant|Value|.5|Scalar|0|1|1|0.5|Constant|60:5556|
165=boost_and_two_level__1_sm_controller/SM_Controller/Acquisition Trigger/Step|Time|0.5|Scalar|0|1|1|0.5|Step|60:5558|
166=boost_and_two_level__1_sm_controller/SM_Controller/Acquisition Trigger/Step|Before|0|Scalar|0|1|1|0.0|Step|60:5558|
167=boost_and_two_level__1_sm_controller/SM_Controller/Acquisition Trigger/Step|After|1|Scalar|0|1|1|1.0|Step|60:5558|
168=boost_and_two_level__1_sm_controller/SM_Controller/Acquisition Trigger/OpTrigger|P1Size| |RVector|0|1|2|1.0|1.0|S-Function optrigger|60:5557|
169=boost_and_two_level__1_sm_controller/SM_Controller/Acquisition Trigger/OpTrigger|P1|Acq_Group|Scalar|0|1|1|1.0|S-Function optrigger|60:5557|
17=boost_and_two_level__1_sm_controller/SM_Controller/eHS1/eHSDrivers/addon_drivers_1/DataIn Driver/driver/DataIn Send/DataIn Send|P5Size| |RVector|0|1|2|1.0|1.0|S-Function sfun_fct_op7160ex1_send|60:5531:174:350:109:28:19|
170=boost_and_two_level__1_sm_controller/SM_Controller/Acquisition Trigger/OpTrigger|P2Size| |RVector|0|1|2|1.0|1.0|S-Function optrigger|60:5557|
171=boost_and_two_level__1_sm_controller/SM_Controller/Acquisition Trigger/OpTrigger|P2|Trig_Type|Scalar|0|1|1|4.0|S-Function optrigger|60:5557|
172=boost_and_two_level__1_sm_controller/SM_Controller/Acquisition Trigger/OpTrigger|P3Size| |RVector|0|1|2|1.0|1.0|S-Function optrigger|60:5557|
173=boost_and_two_level__1_sm_controller/SM_Controller/Acquisition Trigger/OpTrigger|P3|Trig_Offset|Scalar|0|1|1|0.0|S-Function optrigger|60:5557|
174=boost_and_two_level__1_sm_controller/SM_Controller/eHS1/eHSDrivers/addon_drivers_1/DataOut Driver/DataOut Format/DataOut Formatter/Saturation|UpperLimit| |RVector|7|1|9|4294967295U|4294967295U|4294967295U|4294967295U|4294967295U|4294967295U|4294967295U|4294967295U|0U|Saturate|60:5531:174:350:102:123:209:35|
175=boost_and_two_level__1_sm_controller/SM_Controller/eHS1/eHSDrivers/addon_drivers_1/DataOut Driver/DataOut Format/DataOut Formatter/Saturation|LowerLimit| |RVector|7|1|9|0U|0U|0U|0U|0U|0U|0U|0U|0U|Saturate|60:5531:174:350:102:123:209:35|
176=boost_and_two_level__1_sm_controller/SM_Controller/eHS1/eHSDrivers/addon_drivers_1/DataOut Driver/DataOut Format/averagingDemux/Saturation|UpperLimit| |Scalar|7|1|1|65536U|Saturate|60:5531:174:350:102:123:36|
177=boost_and_two_level__1_sm_controller/SM_Controller/eHS1/eHSDrivers/addon_drivers_1/DataOut Driver/DataOut Format/averagingDemux/Saturation|LowerLimit| |Scalar|7|1|1|1U|Saturate|60:5531:174:350:102:123:36|
178=boost_and_two_level__1_sm_controller/SM_Controller/eHS1/eHSDrivers/addon_drivers_1/DataOut Driver/DataOut Format/averagingDemux/Constant|Value| |RVector|7|1|2|1U|0U|Constant|60:5531:174:350:102:123:32|
179=boost_and_two_level__1_sm_controller/SM_Controller/eHS1/eHSDrivers/addon_drivers_1/Gate Driver/ehsCpuGates/gates/send8Gates_00/toogleload|Value| |Scalar|7|1|1|1073741824U|Constant|60:5531:174:350:111:82:131:66|
18=boost_and_two_level__1_sm_controller/SM_Controller/eHS1/eHSDrivers/addon_drivers_1/DataIn Driver/driver/DataIn Send/DataIn Send|P5|checkVersion|Scalar|0|1|1|0.0|S-Function sfun_fct_op7160ex1_send|60:5531:174:350:109:28:19|
180=boost_and_two_level__1_sm_controller/SM_Controller/eHS1/eHSDrivers/addon_drivers_1/Gate Driver/ehsCpuGates/gates/send8Gates_00/lastdata|Value| |Scalar|7|1|1|2147483648U|Constant|60:5531:174:350:111:82:131:64|
181=boost_and_two_level__1_sm_controller/SM_Controller/eHS1/eHSDrivers/addon_drivers_1/LoadIn Driver/Constant5|Value| |RVector|7|1|10|0U|0U|0U|0U|0U|0U|0U|0U|0U|0U|Constant|60:5531:174:350:104:4|
182=boost_and_two_level__1_sm_controller/SM_Controller/eHS1/eHSDrivers/addon_drivers_1/LoadIn eHS Status/setInitialResetDone/Constant|Value| |Scalar|3|1|1|((uint8_T)1U)|Constant|60:5531:174:350:108:128|
183=boost_and_two_level__1_sm_controller/SM_Controller/eHS1/eHSDrivers/addon_drivers_1/LoadIn eHS Status/Data Store Memory|InitialValue| |Scalar|3|1|1|((uint8_T)0U)|DataStoreMemory|60:5531:174:350:108:123|
19=boost_and_two_level__1_sm_controller/SM_Controller/eHS1/eHSDrivers/addon_drivers_1/DataIn Driver/driver/DataIn Send/DataIn Send|P6Size| |RVector|0|1|2|1.0|1.0|S-Function sfun_fct_op7160ex1_send|60:5531:174:350:109:28:19|
2=boost_and_two_level__1_sm_controller/SM_Controller/eHS1/eHSDrivers/addon_drivers_1/LoadIn eHS Status/writeStatus/isResetNeeded/Compare To Constant/Constant|Value|const|Scalar|0|1|1|1.0|Constant|60:5531:174:350:108:154:3|
20=boost_and_two_level__1_sm_controller/SM_Controller/eHS1/eHSDrivers/addon_drivers_1/DataIn Driver/driver/DataIn Send/DataIn Send|P6|expectedId|Scalar|0|1|1|0.0|S-Function sfun_fct_op7160ex1_send|60:5531:174:350:109:28:19|
21=boost_and_two_level__1_sm_controller/SM_Controller/eHS1/eHSDrivers/addon_drivers_1/DataIn Driver/driver/DataIn Send/DataIn Send|P7Size| |RVector|0|1|2|1.0|1.0|S-Function sfun_fct_op7160ex1_send|60:5531:174:350:109:28:19|
22=boost_and_two_level__1_sm_controller/SM_Controller/eHS1/eHSDrivers/addon_drivers_1/DataIn Driver/driver/DataIn Send/DataIn Send|P7|expectedVersion|Scalar|0|1|1|0.0|S-Function sfun_fct_op7160ex1_send|60:5531:174:350:109:28:19|
23=boost_and_two_level__1_sm_controller/SM_Controller/eHS1/eHSDrivers/addon_drivers_1/DataIn Driver/driver/DataIn Send/DataIn Send|P8Size| |RVector|0|1|2|1.0|1.0|S-Function sfun_fct_op7160ex1_send|60:5531:174:350:109:28:19|
24=boost_and_two_level__1_sm_controller/SM_Controller/eHS1/eHSDrivers/addon_drivers_1/DataIn Driver/driver/DataIn Send/DataIn Send|P8|opComp|Scalar|0|1|1|1.0|S-Function sfun_fct_op7160ex1_send|60:5531:174:350:109:28:19|
25=boost_and_two_level__1_sm_controller/SM_Controller/eHS1/eHSDrivers/addon_drivers_1/DataIn Driver/driver/DataIn Format/Constant|Value|0|Scalar|0|1|1|0.0|Constant|60:5531:174:350:109:139:115|
26=boost_and_two_level__1_sm_controller/SM_Controller/eHS1/eHSDrivers/addon_drivers_1/LoadIn eHS Status/writeStatus/LoadIn Send/LoadIn|P1Size| |RVector|0|1|2|1.0|6.0|S-Function sfun_fct_op7160ex1_load_in|60:5531:174:350:108:135:31|
27=boost_and_two_level__1_sm_controller/SM_Controller/eHS1/eHSDrivers/addon_drivers_1/LoadIn eHS Status/writeStatus/LoadIn Send/LoadIn|P1| |RVector|0|1|6|79.0|112.0|67.0|116.0|114.0|108.0|S-Function sfun_fct_op7160ex1_load_in|60:5531:174:350:108:135:31|
28=boost_and_two_level__1_sm_controller/SM_Controller/eHS1/eHSDrivers/addon_drivers_1/LoadIn eHS Status/writeStatus/LoadIn Send/LoadIn|P2Size| |RVector|0|1|2|1.0|1.0|S-Function sfun_fct_op7160ex1_load_in|60:5531:174:350:108:135:31|
29=boost_and_two_level__1_sm_controller/SM_Controller/eHS1/eHSDrivers/addon_drivers_1/LoadIn eHS Status/writeStatus/LoadIn Send/LoadIn|P2|FcnNos|Scalar|0|1|1|2.0|S-Function sfun_fct_op7160ex1_load_in|60:5531:174:350:108:135:31|
3=boost_and_two_level__1_sm_controller/SM_Controller/eHS1/eHSDrivers/addon_drivers_1/DataIn Driver/enable dataIn|Value|isConfigured|Scalar|0|1|1|1.0|Constant|60:5531:174:350:109:42|
30=boost_and_two_level__1_sm_controller/SM_Controller/eHS1/eHSDrivers/addon_drivers_1/LoadIn eHS Status/writeStatus/LoadIn Send/LoadIn|P3Size| |RVector|0|1|2|1.0|1.0|S-Function sfun_fct_op7160ex1_load_in|60:5531:174:350:108:135:31|
31=boost_and_two_level__1_sm_controller/SM_Controller/eHS1/eHSDrivers/addon_drivers_1/LoadIn eHS Status/writeStatus/LoadIn Send/LoadIn|P3|width|Scalar|0|1|1|1.0|S-Function sfun_fct_op7160ex1_load_in|60:5531:174:350:108:135:31|
32=boost_and_two_level__1_sm_controller/SM_Controller/eHS1/eHSDrivers/addon_drivers_1/LoadIn eHS Status/writeStatus/LoadIn Send/LoadIn|P4Size| |RVector|0|1|2|1.0|1.0|S-Function sfun_fct_op7160ex1_load_in|60:5531:174:350:108:135:31|
33=boost_and_two_level__1_sm_controller/SM_Controller/eHS1/eHSDrivers/addon_drivers_1/LoadIn eHS Status/writeStatus/LoadIn Send/LoadIn|P4|portType|Scalar|0|1|1|2.0|S-Function sfun_fct_op7160ex1_load_in|60:5531:174:350:108:135:31|
34=boost_and_two_level__1_sm_controller/OpCCode_do_not_touch/S-Function1|Value|0|Scalar|0|1|1|0.0|Constant|60:5561:7|
35=boost_and_two_level__1_sm_controller/OpCCode_do_not_touch/S-Function|InitialCondition|0|Scalar|0|1|1|0.0|Memory|60:5561:6|
36=boost_and_two_level__1_sm_controller/SM_Controller/eHS1/eHSDrivers/addon_drivers_1/DataOut Driver/Receive DataOut/DataOut Recv|P1Size| |RVector|0|1|2|1.0|6.0|S-Function sfun_fct_op7160ex1_recv|60:5531:174:350:102:124:24|
37=boost_and_two_level__1_sm_controller/SM_Controller/eHS1/eHSDrivers/addon_drivers_1/DataOut Driver/Receive DataOut/DataOut Recv|P1| |RVector|0|1|6|79.0|112.0|67.0|116.0|114.0|108.0|S-Function sfun_fct_op7160ex1_recv|60:5531:174:350:102:124:24|
38=boost_and_two_level__1_sm_controller/SM_Controller/eHS1/eHSDrivers/addon_drivers_1/DataOut Driver/Receive DataOut/DataOut Recv|P2Size| |RVector|0|1|2|1.0|1.0|S-Function sfun_fct_op7160ex1_recv|60:5531:174:350:102:124:24|
39=boost_and_two_level__1_sm_controller/SM_Controller/eHS1/eHSDrivers/addon_drivers_1/DataOut Driver/Receive DataOut/DataOut Recv|P2|FcnNos|Scalar|0|1|1|1.0|S-Function sfun_fct_op7160ex1_recv|60:5531:174:350:102:124:24|
4=boost_and_two_level__1_sm_controller/SM_Controller/eHS1/eHSDrivers/addon_drivers_1/LoadIn eHS Status/writeStatus/forceResetSolverBit|BitMask|BitMask|Scalar|7|1|1|1U|S-Function|60:5531:174:350:108:138|
40=boost_and_two_level__1_sm_controller/SM_Controller/eHS1/eHSDrivers/addon_drivers_1/DataOut Driver/Receive DataOut/DataOut Recv|P3Size| |RVector|0|1|2|1.0|1.0|S-Function sfun_fct_op7160ex1_recv|60:5531:174:350:102:124:24|
41=boost_and_two_level__1_sm_controller/SM_Controller/eHS1/eHSDrivers/addon_drivers_1/DataOut Driver/Receive DataOut/DataOut Recv|P3|width|Scalar|0|1|1|9.0|S-Function sfun_fct_op7160ex1_recv|60:5531:174:350:102:124:24|
42=boost_and_two_level__1_sm_controller/SM_Controller/eHS1/eHSDrivers/addon_drivers_1/DataOut Driver/Receive DataOut/DataOut Recv|P4Size| |RVector|0|1|2|1.0|1.0|S-Function sfun_fct_op7160ex1_recv|60:5531:174:350:102:124:24|
43=boost_and_two_level__1_sm_controller/SM_Controller/eHS1/eHSDrivers/addon_drivers_1/DataOut Driver/Receive DataOut/DataOut Recv|P4|portType|Scalar|0|1|1|2.0|S-Function sfun_fct_op7160ex1_recv|60:5531:174:350:102:124:24|
44=boost_and_two_level__1_sm_controller/SM_Controller/eHS1/eHSDrivers/addon_drivers_1/DataOut Driver/Receive DataOut/DataOut Recv|P5Size| |RVector|0|1|2|1.0|1.0|S-Function sfun_fct_op7160ex1_recv|60:5531:174:350:102:124:24|
45=boost_and_two_level__1_sm_controller/SM_Controller/eHS1/eHSDrivers/addon_drivers_1/DataOut Driver/Receive DataOut/DataOut Recv|P5|sampleTime|Scalar|0|1|1|-1.0|S-Function sfun_fct_op7160ex1_recv|60:5531:174:350:102:124:24|
46=boost_and_two_level__1_sm_controller/SM_Controller/eHS1/eHSDrivers/addon_drivers_1/DataOut Driver/Receive DataOut/DataOut Recv|P6Size| |RVector|0|1|2|1.0|1.0|S-Function sfun_fct_op7160ex1_recv|60:5531:174:350:102:124:24|
47=boost_and_two_level__1_sm_controller/SM_Controller/eHS1/eHSDrivers/addon_drivers_1/DataOut Driver/Receive DataOut/DataOut Recv|P6|checkVersion|Scalar|0|1|1|0.0|S-Function sfun_fct_op7160ex1_recv|60:5531:174:350:102:124:24|
48=boost_and_two_level__1_sm_controller/SM_Controller/eHS1/eHSDrivers/addon_drivers_1/DataOut Driver/Receive DataOut/DataOut Recv|P7Size| |RVector|0|1|2|1.0|1.0|S-Function sfun_fct_op7160ex1_recv|60:5531:174:350:102:124:24|
49=boost_and_two_level__1_sm_controller/SM_Controller/eHS1/eHSDrivers/addon_drivers_1/DataOut Driver/Receive DataOut/DataOut Recv|P7|expectedId|Scalar|0|1|1|0.0|S-Function sfun_fct_op7160ex1_recv|60:5531:174:350:102:124:24|
5=boost_and_two_level__1_sm_controller/SM_Controller/eHS1/eHSDrivers/addon_drivers_1/LoadIn eHS Status/writeStatus/LoadIn Send/Detect Change/Delay Input1|InitialCondition|vinit|Scalar|7|1|1|0U|UnitDelay|60:5531:174:350:108:135:30:2|
50=boost_and_two_level__1_sm_controller/SM_Controller/eHS1/eHSDrivers/addon_drivers_1/DataOut Driver/Receive DataOut/DataOut Recv|P8Size| |RVector|0|1|2|1.0|1.0|S-Function sfun_fct_op7160ex1_recv|60:5531:174:350:102:124:24|
51=boost_and_two_level__1_sm_controller/SM_Controller/eHS1/eHSDrivers/addon_drivers_1/DataOut Driver/Receive DataOut/DataOut Recv|P8|expectedVersion|Scalar|0|1|1|0.0|S-Function sfun_fct_op7160ex1_recv|60:5531:174:350:102:124:24|
52=boost_and_two_level__1_sm_controller/SM_Controller/eHS1/eHSDrivers/addon_drivers_1/DataOut Driver/Receive DataOut/DataOut Recv|P9Size| |RVector|0|1|2|1.0|1.0|S-Function sfun_fct_op7160ex1_recv|60:5531:174:350:102:124:24|
53=boost_and_two_level__1_sm_controller/SM_Controller/eHS1/eHSDrivers/addon_drivers_1/DataOut Driver/Receive DataOut/DataOut Recv|P9|opComp|Scalar|0|1|1|1.0|S-Function sfun_fct_op7160ex1_recv|60:5531:174:350:102:124:24|
54=boost_and_two_level__1_sm_controller/SM_Controller/eHS1/eHSDrivers/addon_drivers_1/DataOut Driver/DataOut Format/DataOut Formatter/Constant|Value|0|Scalar|0|1|1|0.0|Constant|60:5531:174:350:102:123:209:115|
55=boost_and_two_level__1_sm_controller/SM_Controller/eHS1/eHSDrivers/addon_drivers_1/DataOut Driver/DataOut Format/DataOut Formatter/FormatingGains|Gain|[1 1 1 1 1 1 1 1 1]|RVector|0|1|9|1.0|1.0|1.0|1.0|1.0|1.0|1.0|1.0|1.0|Gain|60:5531:174:350:102:123:209:32|
56=boost_and_two_level__1_sm_controller/SM_Controller/rtlab_send_subsystem/Subsystem1/Send1/S-Function|P1Size| |RVector|0|1|2|1.0|1.0|S-Function OP_SEND|60:5709:31|
57=boost_and_two_level__1_sm_controller/SM_Controller/rtlab_send_subsystem/Subsystem1/Send1/S-Function|P1|Acqu_group|Scalar|0|1|1|1.0|S-Function OP_SEND|60:5709:31|
58=boost_and_two_level__1_sm_controller/SM_Controller/OpComm/Receive/S-Function|P1Size| |RVector|0|1|2|1.0|1.0|S-Function RECV_Param|60:5636:21|
59=boost_and_two_level__1_sm_controller/SM_Controller/OpComm/Receive/S-Function|P1|Data_width|Scalar|0|1|1|9.0|S-Function RECV_Param|60:5636:21|
6=boost_and_two_level__1_sm_controller/SM_Controller/eHS1/eHSDrivers/addon_drivers_1/DataIn Driver/driver/DataIn Format/FormatingGains|Gain|[1 1 1 1]|RVector|0|1|4|1.0|1.0|1.0|1.0|Gain|60:5531:174:350:109:139:32|
60=boost_and_two_level__1_sm_controller/SM_Controller/OpComm/Receive/S-Function|P2Size| |RVector|0|1|2|9.0|1.0|S-Function RECV_Param|60:5636:21|
61=boost_and_two_level__1_sm_controller/SM_Controller/OpComm/Receive/S-Function|P2|InitialConditions|CVector|0|9|1|100.0|25.0|1.0|10000.0|0.7|55000.0|50.0|0.8|0.00349065850398866|S-Function RECV_Param|60:5636:21|
62=boost_and_two_level__1_sm_controller/SM_Controller/Circuit_Control/Control/Saturation|UpperLimit|0.95|Scalar|0|1|1|0.95|Saturate|60:5306|
63=boost_and_two_level__1_sm_controller/SM_Controller/Circuit_Control/Control/Saturation|LowerLimit|0.05|Scalar|0|1|1|0.05|Saturate|60:5306|
64=boost_and_two_level__1_sm_controller/SM_Controller/3ph_Sinewave_Angle_Generator/3ph Angle Generator/Constant3|Value|2*pi|Scalar|0|1|1|6.2831853071795862|Constant|60:5472|
65=boost_and_two_level__1_sm_controller/SM_Controller/3ph_Sinewave_Angle_Generator/3ph Angle Generator/Memory|InitialCondition|0|Scalar|0|1|1|0.0|Memory|60:5473|
66=boost_and_two_level__1_sm_controller/SM_Controller/3ph_Sinewave_Angle_Generator/3ph Angle Generator/Switch|Threshold|0|Scalar|0|1|1|0.0|Switch|60:5474|
67=boost_and_two_level__1_sm_controller/SM_Controller/Circuit_Control/Control/Three-phase Sine Wave|Amplitude|1|Scalar|0|1|1|1.0|Sin|60:5456|
68=boost_and_two_level__1_sm_controller/SM_Controller/Circuit_Control/Control/Three-phase Sine Wave|Bias|0|Scalar|0|1|1|0.0|Sin|60:5456|
69=boost_and_two_level__1_sm_controller/SM_Controller/Circuit_Control/Control/Three-phase Sine Wave|Frequency|1|Scalar|0|1|1|1.0|Sin|60:5456|
7=boost_and_two_level__1_sm_controller/SM_Controller/eHS1/eHSDrivers/addon_drivers_1/DataIn Driver/driver/DataIn Format/Saturation|UpperLimit|[1.79769313486232e+308 1.79769313486232e+308 1.79769313486232e+308 1.79769313486232e+308]|RVector|0|1|4|0.0|0.0|0.0|0.0|Saturate|60:5531:174:350:109:139:35|
70=boost_and_two_level__1_sm_controller/SM_Controller/Circuit_Control/Control/Gain|Gain|0.5|Scalar|0|1|1|0.5|Gain|60:5303|
71=boost_and_two_level__1_sm_controller/SM_Controller/Circuit_Control/Control/Constant|Value|0.5|Scalar|0|1|1|0.5|Constant|60:5302|
72=boost_and_two_level__1_sm_controller/SM_Controller/Digital_Out/Gain|Gain|ones(1,3)|RVector|0|1|3|1.0|1.0|1.0|Gain|60:5536|
73=boost_and_two_level__1_sm_controller/SM_Controller/Digital_Out/PWM Out|P1Size| |RVector|0|1|2|1.0|6.0|S-Function sfun_op7160ex1_pwm_out|60:5533|
74=boost_and_two_level__1_sm_controller/SM_Controller/Digital_Out/PWM Out|P1| |RVector|0|1|6|79.0|112.0|67.0|116.0|114.0|108.0|S-Function sfun_op7160ex1_pwm_out|60:5533|
75=boost_and_two_level__1_sm_controller/SM_Controller/Digital_Out/PWM Out|P2Size| |RVector|0|1|2|0.0|0.0|S-Function sfun_op7160ex1_pwm_out|60:5533|
76=boost_and_two_level__1_sm_controller/SM_Controller/Digital_Out/PWM Out|P3Size| |RVector|0|1|2|1.0|1.0|S-Function sfun_op7160ex1_pwm_out|60:5533|
77=boost_and_two_level__1_sm_controller/SM_Controller/Digital_Out/PWM Out|P3|portNb|Scalar|0|1|1|11.0|S-Function sfun_op7160ex1_pwm_out|60:5533|
78=boost_and_two_level__1_sm_controller/SM_Controller/Digital_Out/PWM Out|P4Size| |RVector|0|1|2|1.0|1.0|S-Function sfun_op7160ex1_pwm_out|60:5533|
79=boost_and_two_level__1_sm_controller/SM_Controller/Digital_Out/PWM Out|P4|size|Scalar|0|1|1|64.0|S-Function sfun_op7160ex1_pwm_out|60:5533|
8=boost_and_two_level__1_sm_controller/SM_Controller/eHS1/eHSDrivers/addon_drivers_1/DataIn Driver/driver/DataIn Format/Saturation|LowerLimit|[-1.79769313486232e+308 -1.79769313486232e+308 -1.79769313486232e+308 -1.79769313486232e+308]|RVector|0|1|4|0.0|0.0|0.0|0.0|Saturate|60:5531:174:350:109:139:35|
80=boost_and_two_level__1_sm_controller/SM_Controller/Digital_Out/PWM Out|P5Size| |RVector|0|1|2|1.0|1.0|S-Function sfun_op7160ex1_pwm_out|60:5533|
81=boost_and_two_level__1_sm_controller/SM_Controller/Digital_Out/PWM Out|P5|numchan|Scalar|0|1|1|4.0|S-Function sfun_op7160ex1_pwm_out|60:5533|
82=boost_and_two_level__1_sm_controller/SM_Controller/Digital_Out/PWM Out|P6Size| |RVector|0|1|2|1.0|1.0|S-Function sfun_op7160ex1_pwm_out|60:5533|
83=boost_and_two_level__1_sm_controller/SM_Controller/Digital_Out/PWM Out|P6|polarity|Scalar|0|1|1|1.0|S-Function sfun_op7160ex1_pwm_out|60:5533|
84=boost_and_two_level__1_sm_controller/SM_Controller/Digital_Out/PWM Out|P7Size| |RVector|0|1|2|1.0|1.0|S-Function sfun_op7160ex1_pwm_out|60:5533|
85=boost_and_two_level__1_sm_controller/SM_Controller/Digital_Out/PWM Out|P7|symMode|Scalar|0|1|1|2.0|S-Function sfun_op7160ex1_pwm_out|60:5533|
86=boost_and_two_level__1_sm_controller/SM_Controller/Digital_Out/PWM Out|P8Size| |RVector|0|1|2|1.0|1.0|S-Function sfun_op7160ex1_pwm_out|60:5533|
87=boost_and_two_level__1_sm_controller/SM_Controller/Digital_Out/PWM Out|P8|complementary|Scalar|0|1|1|0.0|S-Function sfun_op7160ex1_pwm_out|60:5533|
88=boost_and_two_level__1_sm_controller/SM_Controller/Digital_Out/PWM Out|P9Size| |RVector|0|1|2|1.0|4.0|S-Function sfun_op7160ex1_pwm_out|60:5533|
89=boost_and_two_level__1_sm_controller/SM_Controller/Digital_Out/PWM Out|P9|deadTime|RVector|0|1|4|0.0|0.0|0.0|0.0|S-Function sfun_op7160ex1_pwm_out|60:5533|
9=boost_and_two_level__1_sm_controller/SM_Controller/eHS1/eHSDrivers/addon_drivers_1/DataIn Driver/driver/DataIn Send/DataIn Send|P1Size| |RVector|0|1|2|1.0|6.0|S-Function sfun_fct_op7160ex1_send|60:5531:174:350:109:28:19|
90=boost_and_two_level__1_sm_controller/SM_Controller/Digital_Out/PWM Out|P10Size| |RVector|0|1|2|1.0|1.0|S-Function sfun_op7160ex1_pwm_out|60:5533|
91=boost_and_two_level__1_sm_controller/SM_Controller/Digital_Out/PWM Out|P10|loadnb|Scalar|0|1|1|4.0|S-Function sfun_op7160ex1_pwm_out|60:5533|
92=boost_and_two_level__1_sm_controller/SM_Controller/Digital_Out/PWM Out|P11Size| |RVector|0|1|2|1.0|1.0|S-Function sfun_op7160ex1_pwm_out|60:5533|
93=boost_and_two_level__1_sm_controller/SM_Controller/Digital_Out/PWM Out|P11|rtPhaseShiftEnabled|Scalar|0|1|1|0.0|S-Function sfun_op7160ex1_pwm_out|60:5533|
94=boost_and_two_level__1_sm_controller/SM_Controller/Digital_Out/PWM Out|P12Size| |RVector|0|1|2|1.0|1.0|S-Function sfun_op7160ex1_pwm_out|60:5533|
95=boost_and_two_level__1_sm_controller/SM_Controller/Digital_Out/PWM Out|P12|rtDeadTimeEnabled|Scalar|0|1|1|0.0|S-Function sfun_op7160ex1_pwm_out|60:5533|
96=boost_and_two_level__1_sm_controller/SM_Controller/Digital_Out/PWM Out|P13Size| |RVector|0|1|2|1.0|4.0|S-Function sfun_op7160ex1_pwm_out|60:5533|
97=boost_and_two_level__1_sm_controller/SM_Controller/Digital_Out/PWM Out|P13|initphase|RVector|0|1|4|0.0|0.0|0.0|0.0|S-Function sfun_op7160ex1_pwm_out|60:5533|
98=boost_and_two_level__1_sm_controller/SM_Controller/Digital_Out/PWM Out|P14Size| |RVector|0|1|2|1.0|1.0|S-Function sfun_op7160ex1_pwm_out|60:5533|
99=boost_and_two_level__1_sm_controller/SM_Controller/Digital_Out/PWM Out|P14|maxcount|Scalar|0|1|1|8.0|S-Function sfun_op7160ex1_pwm_out|60:5533|
nbParameters=184
[Signal]
0=boost_and_two_level__1_sm_controller/OpCCode_do_not_touch/S-Function|NULL|0|1|1|1|S|Memory|0|60:5561:6|
1=boost_and_two_level__1_sm_controller/OpCCode_do_not_touch/Sum|NULL|1|1|1|1|S|Sum|0|60:5561:9|
10=boost_and_two_level__1_sm_controller/SM_Controller/eHS1/eHSDrivers/addon_drivers_1/DataOut Driver/DataOut Format/DataOut Formatter/Reinterpreters/reinterpreter_8/Convert  Single floating-point (FPGA)  to double|NULL|10|1|1|1|S|S-Function sfun_SFP2DBL|0|60:5531:174:350:102:123:209:234:159:42|
11=boost_and_two_level__1_sm_controller/SM_Controller/eHS1/eHSDrivers/addon_drivers_1/DataOut Driver/DataOut Format/DataOut Formatter/Reinterpreters/reinterpreter_9/Convert  Single floating-point (FPGA)  to double|NULL|11|1|1|1|S|S-Function sfun_SFP2DBL|0|60:5531:174:350:102:123:209:234:160:42|
12=boost_and_two_level__1_sm_controller/SM_Controller/eHS1/eHSDrivers/addon_drivers_1/DataOut Driver/DataOut Format/DataOut Formatter/FormatingGains|NULL|12|9|9|1|V|Gain|0|60:5531:174:350:102:123:209:32|
13=boost_and_two_level__1_sm_controller/SM_Controller/eHS1/eHSDrivers/addon_drivers_1/DataOut Driver/DataOut Format/Divide|NULL|13|8|8|1|V|Product|0|60:5531:174:350:102:123:29|
14=boost_and_two_level__1_sm_controller/SM_Controller/OpComm/Receive/S-Function|NULL|14|9|9|1|V|S-Function RECV_Param|0|60:5636:21|
15=boost_and_two_level__1_sm_controller/SM_Controller/Circuit_Control/Control/Saturation|NULL|15|1|1|1|S|Saturate|0|60:5306|
16=boost_and_two_level__1_sm_controller/SM_Controller/3ph_Sinewave_Angle_Generator/3ph Angle Generator/Adder_Gain|NULL|16|1|1|1|S|Gain|0|60:5470|
17=boost_and_two_level__1_sm_controller/SM_Controller/3ph_Sinewave_Angle_Generator/3ph Angle Generator/Memory|NULL|17|1|1|1|S|Memory|0|60:5473|
18=boost_and_two_level__1_sm_controller/SM_Controller/3ph_Sinewave_Angle_Generator/3ph Angle Generator/Adder|NULL|18|1|1|1|S|Sum|0|60:5469|
19=boost_and_two_level__1_sm_controller/SM_Controller/3ph_Sinewave_Angle_Generator/3ph Angle Generator/Adder_Pred|NULL|19|1|1|1|S|Sum|0|60:5471|
2=boost_and_two_level__1_sm_controller/SM_Controller/eHS1/eHSDrivers/addon_drivers_1/DataOut Driver/Receive DataOut/DataOut Recv|NULL|2|1|1|1|S|S-Function sfun_fct_op7160ex1_recv|0|60:5531:174:350:102:124:24|
20=boost_and_two_level__1_sm_controller/SM_Controller/3ph_Sinewave_Angle_Generator/3ph Angle Generator/Switch|NULL|20|1|1|1|S|Switch|0|60:5474|
21=boost_and_two_level__1_sm_controller/SM_Controller/Circuit_Control/Sum|NULL|21|1|1|1|S|Sum|0|60:5459|
22=boost_and_two_level__1_sm_controller/SM_Controller/Circuit_Control/Control/Three-phase Sine Wave|NULL|22|3|3|1|V|Sin|0|60:5456|
23=boost_and_two_level__1_sm_controller/SM_Controller/Circuit_Control/Control/Product|NULL|23|3|3|1|V|Product|0|60:5305|
24=boost_and_two_level__1_sm_controller/SM_Controller/Circuit_Control/Control/Gain|NULL|24|3|3|1|V|Gain|0|60:5303|
25=boost_and_two_level__1_sm_controller/SM_Controller/Circuit_Control/Control/Sum|NULL|25|3|3|1|V|Sum|0|60:5307|
26=boost_and_two_level__1_sm_controller/SM_Controller/Digital_Out/Data Type Conversion|NULL|26|3|3|1|V|DataTypeConversion|0|60:5430|
27=boost_and_two_level__1_sm_controller/SM_Controller/Digital_Out/Gain|NULL|27|3|3|1|V|Gain|0|60:5536|
28=boost_and_two_level__1_sm_controller/SM_Controller/Digital_Out/PWM Out|NULL|28|1|1|1|S|S-Function sfun_op7160ex1_pwm_out|0|60:5533|
29=boost_and_two_level__1_sm_controller/SM_Controller/Circuit_Input/Three-phase Sine Wave|NULL|29|3|3|1|V|Sin|0|60:5495|
3=boost_and_two_level__1_sm_controller/SM_Controller/eHS1/eHSDrivers/addon_drivers_1/DataOut Driver/DataOut Format/DataOut Formatter/Reinterpreters/reinterpreter_1/Convert  Single floating-point (FPGA)  to double|NULL|3|1|1|1|S|S-Function sfun_SFP2DBL|0|60:5531:174:350:102:123:209:234:152:42|
30=boost_and_two_level__1_sm_controller/SM_Controller/Circuit_Input/Amplitude_Gain|NULL|30|3|3|1|V|Product|0|60:5366|
31=boost_and_two_level__1_sm_controller/SM_Controller/eHS1/ParameterSetToIndex/Data Type Conversion1|NULL|31|1|1|1|S|DataTypeConversion|0|60:5531:175:15|
32=boost_and_two_level__1_sm_controller/SM_Controller/eHS1/ParameterSetToIndex/Memory|NULL|32|1|1|1|S|Memory|0|60:5531:175:16|
33=boost_and_two_level__1_sm_controller/SM_Controller/eHS1/ParameterSetToIndex/UserParameterSetFilter|NULL|33|1|1|1|S|MultiPortSwitch|0|60:5531:175:18|
34=boost_and_two_level__1_sm_controller/SM_Controller/eHS1/ParameterSetToIndex/ParameterSetToIndexMap|NULL|34|1|1|1|S|Lookup_n-D|0|60:5531:175:17|
35=synthesized_block|NULL|35|8|8|1|V|synthesized_block|0||
36=boost_and_two_level__1_sm_controller/SM_Controller/eHS1/eHSDrivers/addon_drivers_1/Gate Driver/ehsCpuGates/gates/send8Gates_00/datain|NULL|36|1|1|1|S|S-Function sfun_fct_op7160ex1_send|0|60:5531:174:350:111:82:131:63|
37=boost_and_two_level__1_sm_controller/SM_Controller/eHS1/eHSDrivers/addon_drivers_1/LoadIn Driver/Constant2|NULL|37|1|1|1|S|Constant|0|60:5531:174:350:104:3|
38=boost_and_two_level__1_sm_controller/SM_Controller/eHS1/eHSDrivers/addon_drivers_1/LoadIn Driver/LoadIn|NULL|38|1|1|1|S|S-Function sfun_efs_solver_cfg|0|60:5531:174:350:104:2|
39=boost_and_two_level__1_sm_controller/SM_Controller/eHS1/eHSDrivers/IndexToParameterSet|parameter_set_output_id|39|1|1|1|S|LookupNDDirect|0|60:5531:174:344|
4=boost_and_two_level__1_sm_controller/SM_Controller/eHS1/eHSDrivers/addon_drivers_1/DataOut Driver/DataOut Format/DataOut Formatter/Reinterpreters/reinterpreter_2/Convert  Single floating-point (FPGA)  to double|NULL|4|1|1|1|S|S-Function sfun_SFP2DBL|0|60:5531:174:350:102:123:209:234:153:42|
40=boost_and_two_level__1_sm_controller/SM_Controller/OpCtrl|NULL|40|1|1|1|S|S-Function sfun_ctrl_op7160ex1|0|60:5532|
41=boost_and_two_level__1_sm_controller/SM_Controller/OpCtrl|NULL|41|8|8|1|V|S-Function sfun_ctrl_op7160ex1|0|60:5532|
42=boost_and_two_level__1_sm_controller/SM_Controller/Acquisition Trigger/Constant|NULL|42|1|1|1|S|Constant|0|60:5556|
43=boost_and_two_level__1_sm_controller/SM_Controller/Acquisition Trigger/Step|NULL|43|1|1|1|S|Step|0|60:5558|
44=boost_and_two_level__1_sm_controller/SM_Controller/Acquisition Trigger/OpTrigger|NULL|44|1|1|1|S|S-Function optrigger|0|60:5557|
45=boost_and_two_level__1_sm_controller/SM_Controller/eHS1/eHSDrivers/addon_drivers_1/LoadIn eHS Status/writeStatus/LoadIn Send/Data Type Conversion|NULL|45|1|1|1|S|DataTypeConversion|0|60:5531:174:350:108:135:29|
46=boost_and_two_level__1_sm_controller/SM_Controller/eHS1/eHSDrivers/addon_drivers_1/LoadIn eHS Status/writeStatus/LoadIn Send/LoadIn|NULL|46|1|1|1|S|S-Function sfun_fct_op7160ex1_load_in|0|60:5531:174:350:108:135:31|
47=boost_and_two_level__1_sm_controller/SM_Controller/eHS1/eHSDrivers/addon_drivers_1/DataIn Driver/driver/DataIn Format/FormatingGains|NULL|47|4|4|1|V|Gain|0|60:5531:174:350:109:139:32|
48=boost_and_two_level__1_sm_controller/SM_Controller/eHS1/eHSDrivers/addon_drivers_1/DataIn Driver/driver/DataIn Format/Saturation|NULL|48|4|4|1|V|Saturate|0|60:5531:174:350:109:139:35|
49=boost_and_two_level__1_sm_controller/SM_Controller/eHS1/eHSDrivers/addon_drivers_1/DataIn Driver/driver/DataIn Send/DataIn Send|NULL|49|1|1|1|S|S-Function sfun_fct_op7160ex1_send|0|60:5531:174:350:109:28:19|
5=boost_and_two_level__1_sm_controller/SM_Controller/eHS1/eHSDrivers/addon_drivers_1/DataOut Driver/DataOut Format/DataOut Formatter/Reinterpreters/reinterpreter_3/Convert  Single floating-point (FPGA)  to double|NULL|5|1|1|1|S|S-Function sfun_SFP2DBL|0|60:5531:174:350:102:123:209:234:154:42|
50=boost_and_two_level__1_sm_controller/SM_Controller/eHS1/eHSDrivers/addon_drivers_1/DataIn Driver/driver/DataIn Format/Selector|NULL|50|1|1|1|S|Selector|0|60:5531:174:350:109:139:246|
51=boost_and_two_level__1_sm_controller/SM_Controller/eHS1/eHSDrivers/addon_drivers_1/DataIn Driver/driver/DataIn Format/Data Type Conversion|NULL|51|1|1|1|S|DataTypeConversion|0|60:5531:174:350:109:139:135|
52=boost_and_two_level__1_sm_controller/SM_Controller/eHS1/eHSDrivers/addon_drivers_1/DataOut Driver/Receive DataOut/DataOut Recv|NULL|52|9|9|1|V|S-Function sfun_fct_op7160ex1_recv|7|60:5531:174:350:102:124:24|
53=boost_and_two_level__1_sm_controller/SM_Controller/eHS1/eHSDrivers/addon_drivers_1/DataOut Driver/DataOut Format/DataOut Formatter/Data Type Conversion|NULL|53|1|1|1|S|DataTypeConversion|7|60:5531:174:350:102:123:209:135|
54=boost_and_two_level__1_sm_controller/SM_Controller/eHS1/eHSDrivers/addon_drivers_1/DataOut Driver/DataOut Format/DataOut Formatter/Saturation|NULL|54|9|9|1|V|Saturate|7|60:5531:174:350:102:123:209:35|
55=boost_and_two_level__1_sm_controller/SM_Controller/eHS1/eHSDrivers/addon_drivers_1/DataOut Driver/DataOut Format/averagingDemux/Saturation|NULL|55|1|1|1|S|Saturate|7|60:5531:174:350:102:123:36|
56=boost_and_two_level__1_sm_controller/SM_Controller/eHS1/ParameterSetToIndex/Data Type Conversion|NULL|56|1|1|1|S|DataTypeConversion|7|60:5531:175:14|
57=boost_and_two_level__1_sm_controller/SM_Controller/eHS1/eHSDrivers/addon_drivers_1/DataOut Driver/DataOut Format/averagingDemux/Constant|NULL|57|2|2|1|V|Constant|7|60:5531:174:350:102:123:32|
58=boost_and_two_level__1_sm_controller/SM_Controller/eHS1/eHSDrivers/addon_drivers_1/Gate Driver/ehsCpuGates/gates/send8Gates_00/shift|NULL|58|1|1|1|S|Gain|7|60:5531:174:350:111:82:131:65|
59=boost_and_two_level__1_sm_controller/SM_Controller/eHS1/eHSDrivers/addon_drivers_1/Gate Driver/ehsCpuGates/gates/send8Gates_00/Sum|NULL|59|1|1|1|S|Sum|7|60:5531:174:350:111:82:131:61|
6=boost_and_two_level__1_sm_controller/SM_Controller/eHS1/eHSDrivers/addon_drivers_1/DataOut Driver/DataOut Format/DataOut Formatter/Reinterpreters/reinterpreter_4/Convert  Single floating-point (FPGA)  to double|NULL|6|1|1|1|S|S-Function sfun_SFP2DBL|0|60:5531:174:350:102:123:209:234:155:42|
60=boost_and_two_level__1_sm_controller/SM_Controller/eHS1/eHSDrivers/addon_drivers_1/LoadIn Driver/Constant5|NULL|60|10|10|1|V|Constant|7|60:5531:174:350:104:4|
61=boost_and_two_level__1_sm_controller/SM_Controller/eHS1/eHSDrivers/addon_drivers_1/LoadIn eHS Status/writeStatus/Cast|NULL|61|1|1|1|S|DataTypeConversion|7|60:5531:174:350:108:133|
62=boost_and_two_level__1_sm_controller/SM_Controller/eHS1/eHSDrivers/addon_drivers_1/LoadIn eHS Status/writeStatus/Shift Arithmetic|shiftedScenarioIndex|62|1|1|1|S|ArithShift|7|60:5531:174:350:108:136|
63=boost_and_two_level__1_sm_controller/SM_Controller/eHS1/eHSDrivers/addon_drivers_1/LoadIn eHS Status/writeStatus/Switch|status|63|1|1|1|S|Switch|7|60:5531:174:350:108:137|
64=boost_and_two_level__1_sm_controller/SM_Controller/eHS1/eHSDrivers/addon_drivers_1/LoadIn eHS Status/writeStatus/LoadIn Send/Detect Change/Delay Input1|U(k-1)|64|1|1|1|S|UnitDelay|7|60:5531:174:350:108:135:30:2|
65=boost_and_two_level__1_sm_controller/SM_Controller/eHS1/eHSDrivers/addon_drivers_1/LoadIn eHS Status/writeStatus/forceResetSolverBit|NULL|65|1|1|1|S|S-Function|7|60:5531:174:350:108:138|
66=boost_and_two_level__1_sm_controller/SM_Controller/eHS1/eHSDrivers/addon_drivers_1/DataIn Driver/driver/DataIn Format/Reinterpreters/reinterpreter_1/Convert double to  Single floating-point (FPGA)|NULL|66|1|1|1|S|S-Function sfun_DBL2SFP|7|60:5531:174:350:109:139:50:150:15|
67=boost_and_two_level__1_sm_controller/SM_Controller/eHS1/eHSDrivers/addon_drivers_1/DataIn Driver/driver/DataIn Format/Reinterpreters/reinterpreter_2/Convert double to  Single floating-point (FPGA)|NULL|67|1|1|1|S|S-Function sfun_DBL2SFP|7|60:5531:174:350:109:139:50:151:15|
68=boost_and_two_level__1_sm_controller/SM_Controller/eHS1/eHSDrivers/addon_drivers_1/DataIn Driver/driver/DataIn Format/Reinterpreters/reinterpreter_3/Convert double to  Single floating-point (FPGA)|NULL|68|1|1|1|S|S-Function sfun_DBL2SFP|7|60:5531:174:350:109:139:50:152:15|
69=boost_and_two_level__1_sm_controller/SM_Controller/eHS1/eHSDrivers/addon_drivers_1/DataIn Driver/driver/DataIn Format/Reinterpreters/reinterpreter_4/Convert double to  Single floating-point (FPGA)|NULL|69|1|1|1|S|S-Function sfun_DBL2SFP|7|60:5531:174:350:109:139:50:153:15|
7=boost_and_two_level__1_sm_controller/SM_Controller/eHS1/eHSDrivers/addon_drivers_1/DataOut Driver/DataOut Format/DataOut Formatter/Reinterpreters/reinterpreter_5/Convert  Single floating-point (FPGA)  to double|NULL|7|1|1|1|S|S-Function sfun_SFP2DBL|0|60:5531:174:350:102:123:209:234:156:42|
70=synthesized_block|NULL|70|4|4|1|V|synthesized_block|7||
71=boost_and_two_level__1_sm_controller/SM_Controller/eHS1/eHSDrivers/addon_drivers_1/LoadIn eHS Status/writeStatus/isResetNeeded/Data Store Read|NULL|71|1|1|1|S|DataStoreRead|3|60:5531:174:350:108:134|
72=boost_and_two_level__1_sm_controller/SM_Controller/eHS1/eHSDrivers/addon_drivers_1/LoadIn eHS Status/writeStatus/isResetNeeded/Compare To Constant/Compare|NULL|72|1|1|1|S|RelationalOperator|8|60:5531:174:350:108:154:2|
73=boost_and_two_level__1_sm_controller/SM_Controller/eHS1/eHSDrivers/addon_drivers_1/LoadIn eHS Status/writeStatus/isResetNeeded/AND|notReset|73|1|1|1|S|Logic|8|60:5531:174:350:108:147|
74=boost_and_two_level__1_sm_controller/SM_Controller/eHS1/eHSDrivers/addon_drivers_1/LoadIn eHS Status/writeStatus/LoadIn Send/Detect Change/FixPt Relational Operator|NULL|74|1|1|1|S|RelationalOperator|8|60:5531:174:350:108:135:30:3|
75=boost_and_two_level__1_sm_controller/SM_Controller/eHS1/eHSDrivers/addon_drivers_1/LoadIn eHS Status/writeStatus/LoadIn Send/Logical Operator|NULL|75|1|1|1|S|Logic|8|60:5531:174:350:108:135:32|
8=boost_and_two_level__1_sm_controller/SM_Controller/eHS1/eHSDrivers/addon_drivers_1/DataOut Driver/DataOut Format/DataOut Formatter/Reinterpreters/reinterpreter_6/Convert  Single floating-point (FPGA)  to double|NULL|8|1|1|1|S|S-Function sfun_SFP2DBL|0|60:5531:174:350:102:123:209:234:157:42|
9=boost_and_two_level__1_sm_controller/SM_Controller/eHS1/eHSDrivers/addon_drivers_1/DataOut Driver/DataOut Format/DataOut Formatter/Reinterpreters/reinterpreter_7/Convert  Single floating-point (FPGA)  to double|NULL|9|1|1|1|S|S-Function sfun_SFP2DBL|0|60:5531:174:350:102:123:209:234:158:42|
nbSignals=76
[ModelDataStructure]
128=zCCacheNeedsReset
22=derivCacheNeedsReset
8=CTOutputIncnstWithState
[dwork]
0=SFunction_PreviousInput|real_T|
1=Memory_PreviousInput|real_T|
10=DelayInput1_DSTATE|uint32_T|
11=SFunction_IWORK|IWORK|
12=OpCtrl_IWORK|IWORK|
13=OpTrigger_IWORK|IWORK|
14=isInitialResetDone|uint8_T|
2=Memory_PreviousInput_n|real_T|
[TimingStructure]
101=simTimeStep
103=tStart
104=stepSize
105=stepSize0
107=stopRequestedFlag
116=tArray
130=timeOfLastOutput
27=tFinal
3=clockTick0
4=clockTickH0
66=offsetTimesArray
72=perTaskSampleHitsArray
90=sampleHitArray
94=sampleTimesArray
97=sampleTimeTaskIDArray
